Flow report for Clock_Divider
Fri Sep 25 15:37:39 2026
Quartus Prime Version 18.1.0 Build 625 09/12/2018 SJ Lite Edition


---------------------
; Table of Contents ;
---------------------
  1. Legal Notice
  2. Flow Summary
  3. Flow Settings
  4. Flow Non-Default Global Settings
  5. Flow Elapsed Time
  6. Flow OS Summary
  7. Flow Log
  8. Flow Messages
  9. Flow Suppressed Messages



----------------
; Legal Notice ;
----------------
Copyright (C) 2018  Intel Corporation. All rights reserved.
Your use of Intel Corporation's design tools, logic functions 
and other software and tools, and its AMPP partner logic 
functions, and any output files from any of the foregoing 
(including device programming or simulation files), and any 
associated documentation or information are expressly subject 
to the terms and conditions of the Intel Program License 
Subscription Agreement, the Intel Quartus Prime License Agreement,
the Intel FPGA IP License Agreement, or other applicable license
agreement, including, without limitation, that your use is for
the sole purpose of programming logic devices manufactured by
Intel and sold by Intel or its authorized distributors.  Please
refer to the applicable agreement for further details.



+----------------------------------------------------------------------------------+
; Flow Summary                                                                     ;
+------------------------------------+---------------------------------------------+
; Flow Status                        ; Successful - Fri Sep 25 15:37:39 2026       ;
; Quartus Prime Version              ; 18.1.0 Build 625 09/12/2018 SJ Lite Edition ;
; Revision Name                      ; Clock_Divider                               ;
; Top-level Entity Name              ; UART                                        ;
; Family                             ; MAX 10                                      ;
; Device                             ; 10M25SAE144C8G                              ;
; Timing Models                      ; Final                                       ;
; Total logic elements               ; 126 / 24,960 ( < 1 % )                      ;
;     Total combinational functions  ; 122 / 24,960 ( < 1 % )                      ;
;     Dedicated logic registers      ; 66 / 24,960 ( < 1 % )                       ;
; Total registers                    ; 66                                          ;
; Total pins                         ; 10 / 101 ( 10 % )                           ;
; Total virtual pins                 ; 0                                           ;
; Total memory bits                  ; 0 / 691,200 ( 0 % )                         ;
; Embedded Multiplier 9-bit elements ; 0 / 110 ( 0 % )                             ;
; Total PLLs                         ; 0 / 1 ( 0 % )                               ;
; UFM blocks                         ; 0 / 1 ( 0 % )                               ;
; ADC blocks                         ; 0 / 1 ( 0 % )                               ;
+------------------------------------+---------------------------------------------+


+-----------------------------------------+
; Flow Settings                           ;
+-------------------+---------------------+
; Option            ; Setting             ;
+-------------------+---------------------+
; Start date & time ; 09/25/2026 15:35:08 ;
; Main task         ; Compilation         ;
; Revision Name     ; Clock_Divider       ;
+-------------------+---------------------+


+--------------------------------------------------------------------------------------------------------------------------------+
; Flow Non-Default Global Settings                                                                                               ;
+--------------------------------------+----------------------------------------+---------------+-------------+------------------+
; Assignment Name                      ; Value                                  ; Default Value ; Entity Name ; Section Id       ;
+--------------------------------------+----------------------------------------+---------------+-------------+------------------+
; COMPILER_SIGNATURE_ID                ; 1098538444716.179033070601332          ; --            ; --          ; --               ;
; EDA_DESIGN_INSTANCE_NAME             ; NA                                     ; --            ; --          ; UART_tb          ;
; EDA_DESIGN_INSTANCE_NAME             ; NA                                     ; --            ; --          ; Clock_Divider_tb ;
; EDA_NATIVELINK_SIMULATION_TEST_BENCH ; UART_tb                                ; --            ; --          ; eda_simulation   ;
; EDA_OUTPUT_DATA_FORMAT               ; Vhdl                                   ; --            ; --          ; eda_simulation   ;
; EDA_SIMULATION_TOOL                  ; ModelSim-Altera (VHDL)                 ; <None>        ; --          ; --               ;
; EDA_TEST_BENCH_ENABLE_STATUS         ; TEST_BENCH_MODE                        ; --            ; --          ; eda_simulation   ;
; EDA_TEST_BENCH_FILE                  ; UART_tb.vhd                            ; --            ; --          ; UART_tb          ;
; EDA_TEST_BENCH_FILE                  ; Clock_Divider_tb.vhd                   ; --            ; --          ; Clock_Divider_tb ;
; EDA_TEST_BENCH_FILE                  ; DUT.vhdl                               ; --            ; --          ; Clock_Divider_tb ;
; EDA_TEST_BENCH_MODULE_NAME           ; UART_tb                                ; --            ; --          ; UART_tb          ;
; EDA_TEST_BENCH_MODULE_NAME           ; Clock_Divider_tb                       ; --            ; --          ; Clock_Divider_tb ;
; EDA_TEST_BENCH_NAME                  ; Clock_Divider_tb                       ; --            ; --          ; eda_simulation   ;
; EDA_TEST_BENCH_NAME                  ; UART_tb                                ; --            ; --          ; eda_simulation   ;
; EDA_TIME_SCALE                       ; 1 ps                                   ; --            ; --          ; eda_simulation   ;
; MAX_CORE_JUNCTION_TEMP               ; 85                                     ; --            ; --          ; --               ;
; MIN_CORE_JUNCTION_TEMP               ; 0                                      ; --            ; --          ; --               ;
; PARTITION_COLOR                      ; -- (Not supported for targeted family) ; --            ; UART        ; Top              ;
; PARTITION_FITTER_PRESERVATION_LEVEL  ; -- (Not supported for targeted family) ; --            ; UART        ; Top              ;
; PARTITION_NETLIST_TYPE               ; -- (Not supported for targeted family) ; --            ; UART        ; Top              ;
; PROJECT_OUTPUT_DIRECTORY             ; output_files                           ; --            ; --          ; --               ;
; TOP_LEVEL_ENTITY                     ; UART                                   ; Clock_Divider ; --          ; --               ;
+--------------------------------------+----------------------------------------+---------------+-------------+------------------+


+--------------------------------------------------------------------------------------------------------------------------+
; Flow Elapsed Time                                                                                                        ;
+----------------------+--------------+-------------------------+---------------------+------------------------------------+
; Module Name          ; Elapsed Time ; Average Processors Used ; Peak Virtual Memory ; Total CPU Time (on all processors) ;
+----------------------+--------------+-------------------------+---------------------+------------------------------------+
; Analysis & Synthesis ; 00:00:52     ; 1.0                     ; 4800 MB             ; 00:01:14                           ;
; Fitter               ; 00:00:42     ; 1.0                     ; 5645 MB             ; 00:00:36                           ;
; Assembler            ; 00:00:06     ; 1.0                     ; 4682 MB             ; 00:00:05                           ;
; Power Analyzer       ; 00:00:15     ; 1.0                     ; 4832 MB             ; 00:00:14                           ;
; Timing Analyzer      ; 00:00:18     ; 1.1                     ; 4796 MB             ; 00:00:13                           ;
; EDA Netlist Writer   ; 00:00:05     ; 1.0                     ; 4642 MB             ; 00:00:04                           ;
; Total                ; 00:02:18     ; --                      ; --                  ; 00:02:26                           ;
+----------------------+--------------+-------------------------+---------------------+------------------------------------+


+------------------------------------------------------------------------------------+
; Flow OS Summary                                                                    ;
+----------------------+------------------+------------+------------+----------------+
; Module Name          ; Machine Hostname ; OS Name    ; OS Version ; Processor type ;
+----------------------+------------------+------------+------------+----------------+
; Analysis & Synthesis ; Medhansh_Lenovo  ; Windows 10 ; 10.0       ; x86_64         ;
; Fitter               ; Medhansh_Lenovo  ; Windows 10 ; 10.0       ; x86_64         ;
; Assembler            ; Medhansh_Lenovo  ; Windows 10 ; 10.0       ; x86_64         ;
; Power Analyzer       ; Medhansh_Lenovo  ; Windows 10 ; 10.0       ; x86_64         ;
; Timing Analyzer      ; Medhansh_Lenovo  ; Windows 10 ; 10.0       ; x86_64         ;
; EDA Netlist Writer   ; Medhansh_Lenovo  ; Windows 10 ; 10.0       ; x86_64         ;
+----------------------+------------------+------------+------------+----------------+


------------
; Flow Log ;
------------
quartus_map --read_settings_files=on --write_settings_files=off Clock_Divider -c Clock_Divider
quartus_fit --read_settings_files=off --write_settings_files=off Clock_Divider -c Clock_Divider
quartus_asm --read_settings_files=off --write_settings_files=off Clock_Divider -c Clock_Divider
quartus_pow --read_settings_files=off --write_settings_files=off Clock_Divider -c Clock_Divider
quartus_sta Clock_Divider -c Clock_Divider
quartus_eda --read_settings_files=off --write_settings_files=off Clock_Divider -c Clock_Divider



