Flow report for ALU
Fri Sep 04 16:07:19 2026
Quartus Prime Version 18.1.0 Build 625 09/12/2018 SJ Lite Edition


---------------------
; Table of Contents ;
---------------------
  1. Legal Notice
  2. Flow Summary
  3. Flow Settings
  4. Flow Non-Default Global Settings
  5. Flow Elapsed Time
  6. Flow OS Summary
  7. Flow Log
  8. Flow Messages
  9. Flow Suppressed Messages



----------------
; Legal Notice ;
----------------
Copyright (C) 2018  Intel Corporation. All rights reserved.
Your use of Intel Corporation's design tools, logic functions 
and other software and tools, and its AMPP partner logic 
functions, and any output files from any of the foregoing 
(including device programming or simulation files), and any 
associated documentation or information are expressly subject 
to the terms and conditions of the Intel Program License 
Subscription Agreement, the Intel Quartus Prime License Agreement,
the Intel FPGA IP License Agreement, or other applicable license
agreement, including, without limitation, that your use is for
the sole purpose of programming logic devices manufactured by
Intel and sold by Intel or its authorized distributors.  Please
refer to the applicable agreement for further details.



+----------------------------------------------------------------------------------+
; Flow Summary                                                                     ;
+------------------------------------+---------------------------------------------+
; Flow Status                        ; Successful - Fri Sep 04 16:07:19 2026       ;
; Quartus Prime Version              ; 18.1.0 Build 625 09/12/2018 SJ Lite Edition ;
; Revision Name                      ; ALU                                         ;
; Top-level Entity Name              ; TopLevel                                    ;
; Family                             ; MAX 10                                      ;
; Device                             ; 10M25SAE144C8G                              ;
; Timing Models                      ; Final                                       ;
; Total logic elements               ; 233 / 24,960 ( < 1 % )                      ;
;     Total combinational functions  ; 211 / 24,960 ( < 1 % )                      ;
;     Dedicated logic registers      ; 105 / 24,960 ( < 1 % )                      ;
; Total registers                    ; 105                                         ;
; Total pins                         ; 5 / 101 ( 5 % )                             ;
; Total virtual pins                 ; 0                                           ;
; Total memory bits                  ; 0 / 691,200 ( 0 % )                         ;
; Embedded Multiplier 9-bit elements ; 0 / 110 ( 0 % )                             ;
; Total PLLs                         ; 0 / 1 ( 0 % )                               ;
; UFM blocks                         ; 0 / 1 ( 0 % )                               ;
; ADC blocks                         ; 0 / 1 ( 0 % )                               ;
+------------------------------------+---------------------------------------------+


+-----------------------------------------+
; Flow Settings                           ;
+-------------------+---------------------+
; Option            ; Setting             ;
+-------------------+---------------------+
; Start date & time ; 09/04/2026 16:04:24 ;
; Main task         ; Compilation         ;
; Revision Name     ; ALU                 ;
+-------------------+---------------------+


+------------------------------------------------------------------------------------------------------------------------------------------------+
; Flow Non-Default Global Settings                                                                                                               ;
+--------------------------------------+----------------------------------------------------------+---------------+-------------+----------------+
; Assignment Name                      ; Value                                                    ; Default Value ; Entity Name ; Section Id     ;
+--------------------------------------+----------------------------------------------------------+---------------+-------------+----------------+
; COMPILER_SIGNATURE_ID                ; 1098538444716.178851806311112                            ; --            ; --          ; --             ;
; EDA_DESIGN_INSTANCE_NAME             ; NA                                                       ; --            ; --          ; Testbench      ;
; EDA_NATIVELINK_SIMULATION_TEST_BENCH ; Testbench                                                ; --            ; --          ; eda_simulation ;
; EDA_OUTPUT_DATA_FORMAT               ; Vhdl                                                     ; --            ; --          ; eda_simulation ;
; EDA_SIMULATION_TOOL                  ; ModelSim-Altera (VHDL)                                   ; <None>        ; --          ; --             ;
; EDA_TEST_BENCH_ENABLE_STATUS         ; TEST_BENCH_MODE                                          ; --            ; --          ; eda_simulation ;
; EDA_TEST_BENCH_FILE                  ; DUT.vhdl                                                 ; --            ; --          ; Testbench      ;
; EDA_TEST_BENCH_FILE                  ; Testbench.vhdl                                           ; --            ; --          ; Testbench      ;
; EDA_TEST_BENCH_FILE                  ; TRACEFILE.txt                                            ; --            ; --          ; Testbench      ;
; EDA_TEST_BENCH_MODULE_NAME           ; Testbench                                                ; --            ; --          ; Testbench      ;
; EDA_TEST_BENCH_NAME                  ; Testbench                                                ; --            ; --          ; eda_simulation ;
; EDA_TIME_SCALE                       ; 1 ps                                                     ; --            ; --          ; eda_simulation ;
; FLOW_ENABLE_POWER_ANALYZER           ; On                                                       ; Off           ; --          ; --             ;
; MAX_CORE_JUNCTION_TEMP               ; 85                                                       ; --            ; --          ; --             ;
; MIN_CORE_JUNCTION_TEMP               ; 0                                                        ; --            ; --          ; --             ;
; MISC_FILE                            ; v_jtag/synthesis/../v_jtag.cmp                           ; --            ; --          ; --             ;
; MISC_FILE                            ; v_jtag/synthesis/../../v_jtag.qsys                       ; --            ; --          ; --             ;
; PARTITION_COLOR                      ; -- (Not supported for targeted family)                   ; --            ; TopLevel    ; Top            ;
; PARTITION_FITTER_PRESERVATION_LEVEL  ; -- (Not supported for targeted family)                   ; --            ; TopLevel    ; Top            ;
; PARTITION_NETLIST_TYPE               ; -- (Not supported for targeted family)                   ; --            ; TopLevel    ; Top            ;
; POWER_BOARD_THERMAL_MODEL            ; None (CONSERVATIVE)                                      ; --            ; --          ; --             ;
; POWER_DEFAULT_INPUT_IO_TOGGLE_RATE   ; 12.5 %                                                   ; 12.5%         ; --          ; --             ;
; POWER_PRESET_COOLING_SOLUTION        ; No Heat Sink With Still Air                              ; --            ; --          ; --             ;
; PROJECT_OUTPUT_DIRECTORY             ; output_files                                             ; --            ; --          ; --             ;
; SLD_FILE                             ; v_jtag/synthesis/v_jtag.debuginfo                        ; --            ; --          ; --             ;
; SLD_INFO                             ; QSYS_NAME v_jtag HAS_SOPCINFO 1 GENERATION_ID 1623670142 ; --            ; v_jtag      ; --             ;
; SOPCINFO_FILE                        ; v_jtag/synthesis/../../v_jtag.sopcinfo                   ; --            ; --          ; --             ;
; SYNTHESIS_ONLY_QIP                   ; On                                                       ; --            ; --          ; --             ;
; TOP_LEVEL_ENTITY                     ; TopLevel                                                 ; ALU           ; --          ; --             ;
+--------------------------------------+----------------------------------------------------------+---------------+-------------+----------------+


+--------------------------------------------------------------------------------------------------------------------------+
; Flow Elapsed Time                                                                                                        ;
+----------------------+--------------+-------------------------+---------------------+------------------------------------+
; Module Name          ; Elapsed Time ; Average Processors Used ; Peak Virtual Memory ; Total CPU Time (on all processors) ;
+----------------------+--------------+-------------------------+---------------------+------------------------------------+
; Analysis & Synthesis ; 00:01:51     ; 1.0                     ; 4797 MB             ; 00:02:37                           ;
; Fitter               ; 00:00:21     ; 1.1                     ; 5581 MB             ; 00:00:24                           ;
; Assembler            ; 00:00:05     ; 1.0                     ; 4682 MB             ; 00:00:05                           ;
; Power Analyzer       ; 00:00:07     ; 1.1                     ; 4838 MB             ; 00:00:07                           ;
; Timing Analyzer      ; 00:00:09     ; 1.3                     ; 4798 MB             ; 00:00:08                           ;
; EDA Netlist Writer   ; 00:00:06     ; 1.0                     ; 4646 MB             ; 00:00:06                           ;
; Total                ; 00:02:39     ; --                      ; --                  ; 00:03:27                           ;
+----------------------+--------------+-------------------------+---------------------+------------------------------------+


+------------------------------------------------------------------------------------+
; Flow OS Summary                                                                    ;
+----------------------+------------------+------------+------------+----------------+
; Module Name          ; Machine Hostname ; OS Name    ; OS Version ; Processor type ;
+----------------------+------------------+------------+------------+----------------+
; Analysis & Synthesis ; Medhansh_Lenovo  ; Windows 10 ; 10.0       ; x86_64         ;
; Fitter               ; Medhansh_Lenovo  ; Windows 10 ; 10.0       ; x86_64         ;
; Assembler            ; Medhansh_Lenovo  ; Windows 10 ; 10.0       ; x86_64         ;
; Power Analyzer       ; Medhansh_Lenovo  ; Windows 10 ; 10.0       ; x86_64         ;
; Timing Analyzer      ; Medhansh_Lenovo  ; Windows 10 ; 10.0       ; x86_64         ;
; EDA Netlist Writer   ; Medhansh_Lenovo  ; Windows 10 ; 10.0       ; x86_64         ;
+----------------------+------------------+------------+------------+----------------+


------------
; Flow Log ;
------------
quartus_map --read_settings_files=on --write_settings_files=off ALU -c ALU
quartus_fit --read_settings_files=off --write_settings_files=off ALU -c ALU
quartus_asm --read_settings_files=off --write_settings_files=off ALU -c ALU
quartus_pow --read_settings_files=off --write_settings_files=off ALU -c ALU
quartus_sta ALU -c ALU
quartus_eda --read_settings_files=off --write_settings_files=off ALU -c ALU



