Flow report for halfsubtractor2
Fri Aug 07 15:55:26 2026
Quartus Prime Version 18.1.0 Build 625 09/12/2018 SJ Lite Edition


---------------------
; Table of Contents ;
---------------------
  1. Legal Notice
  2. Flow Summary
  3. Flow Settings
  4. Flow Non-Default Global Settings
  5. Flow Elapsed Time
  6. Flow OS Summary
  7. Flow Log
  8. Flow Messages
  9. Flow Suppressed Messages



----------------
; Legal Notice ;
----------------
Copyright (C) 2018  Intel Corporation. All rights reserved.
Your use of Intel Corporation's design tools, logic functions 
and other software and tools, and its AMPP partner logic 
functions, and any output files from any of the foregoing 
(including device programming or simulation files), and any 
associated documentation or information are expressly subject 
to the terms and conditions of the Intel Program License 
Subscription Agreement, the Intel Quartus Prime License Agreement,
the Intel FPGA IP License Agreement, or other applicable license
agreement, including, without limitation, that your use is for
the sole purpose of programming logic devices manufactured by
Intel and sold by Intel or its authorized distributors.  Please
refer to the applicable agreement for further details.



+---------------------------------------------------------------------+
; Flow Summary                                                        ;
+-----------------------+---------------------------------------------+
; Flow Status           ; Successful - Fri Aug 07 15:55:16 2026       ;
; Quartus Prime Version ; 18.1.0 Build 625 09/12/2018 SJ Lite Edition ;
; Revision Name         ; halfsubtractor2                             ;
; Top-level Entity Name ; halfsubtractor2                             ;
; Family                ; MAX V                                       ;
; Device                ; 5M1270ZT144C5                               ;
; Timing Models         ; Final                                       ;
; Total logic elements  ; 2 / 1,270 ( < 1 % )                         ;
; Total pins            ; 4 / 114 ( 4 % )                             ;
; Total virtual pins    ; 0                                           ;
; UFM blocks            ; 0 / 1 ( 0 % )                               ;
+-----------------------+---------------------------------------------+


+-----------------------------------------+
; Flow Settings                           ;
+-------------------+---------------------+
; Option            ; Setting             ;
+-------------------+---------------------+
; Start date & time ; 08/07/2026 15:53:41 ;
; Main task         ; Compilation         ;
; Revision Name     ; halfsubtractor2     ;
+-------------------+---------------------+


+----------------------------------------------------------------------------------------------------------+
; Flow Non-Default Global Settings                                                                         ;
+-------------------------------+-------------------------------+---------------+-------------+------------+
; Assignment Name               ; Value                         ; Default Value ; Entity Name ; Section Id ;
+-------------------------------+-------------------------------+---------------+-------------+------------+
; COMPILER_SIGNATURE_ID         ; 1098538444716.178609821826152 ; --            ; --          ; --         ;
; MAX_CORE_JUNCTION_TEMP        ; 85                            ; --            ; --          ; --         ;
; MIN_CORE_JUNCTION_TEMP        ; 0                             ; --            ; --          ; --         ;
; POWER_PRESET_COOLING_SOLUTION ; No Heat Sink With Still Air   ; --            ; --          ; --         ;
; PROJECT_OUTPUT_DIRECTORY      ; output_files                  ; --            ; --          ; --         ;
+-------------------------------+-------------------------------+---------------+-------------+------------+


+--------------------------------------------------------------------------------------------------------------------------+
; Flow Elapsed Time                                                                                                        ;
+----------------------+--------------+-------------------------+---------------------+------------------------------------+
; Module Name          ; Elapsed Time ; Average Processors Used ; Peak Virtual Memory ; Total CPU Time (on all processors) ;
+----------------------+--------------+-------------------------+---------------------+------------------------------------+
; Analysis & Synthesis ; 00:01:17     ; 1.0                     ; 4768 MB             ; 00:01:26                           ;
; Fitter               ; 00:00:10     ; 1.0                     ; 5325 MB             ; 00:00:07                           ;
; Assembler            ; 00:00:04     ; 1.0                     ; 4652 MB             ; 00:00:03                           ;
; Timing Analyzer      ; 00:00:07     ; 1.0                     ; 4675 MB             ; 00:00:05                           ;
; Total                ; 00:01:38     ; --                      ; --                  ; 00:01:41                           ;
+----------------------+--------------+-------------------------+---------------------+------------------------------------+


+------------------------------------------------------------------------------------+
; Flow OS Summary                                                                    ;
+----------------------+------------------+------------+------------+----------------+
; Module Name          ; Machine Hostname ; OS Name    ; OS Version ; Processor type ;
+----------------------+------------------+------------+------------+----------------+
; Analysis & Synthesis ; Medhansh_Lenovo  ; Windows 10 ; 10.0       ; x86_64         ;
; Fitter               ; Medhansh_Lenovo  ; Windows 10 ; 10.0       ; x86_64         ;
; Assembler            ; Medhansh_Lenovo  ; Windows 10 ; 10.0       ; x86_64         ;
; Timing Analyzer      ; Medhansh_Lenovo  ; Windows 10 ; 10.0       ; x86_64         ;
+----------------------+------------------+------------+------------+----------------+


------------
; Flow Log ;
------------
quartus_map --read_settings_files=on --write_settings_files=off halfsubtractor2 -c halfsubtractor2
quartus_fit --read_settings_files=off --write_settings_files=off halfsubtractor2 -c halfsubtractor2
quartus_asm --read_settings_files=off --write_settings_files=off halfsubtractor2 -c halfsubtractor2
quartus_sta halfsubtractor2 -c halfsubtractor2



