Flow report for LabFour
Fri Aug 28 15:13:22 2026
Quartus Prime Version 18.1.0 Build 625 09/12/2018 SJ Lite Edition


---------------------
; Table of Contents ;
---------------------
  1. Legal Notice
  2. Flow Summary
  3. Flow Settings
  4. Flow Non-Default Global Settings
  5. Flow Elapsed Time
  6. Flow OS Summary
  7. Flow Log
  8. Flow Messages
  9. Flow Suppressed Messages



----------------
; Legal Notice ;
----------------
Copyright (C) 2018  Intel Corporation. All rights reserved.
Your use of Intel Corporation's design tools, logic functions 
and other software and tools, and its AMPP partner logic 
functions, and any output files from any of the foregoing 
(including device programming or simulation files), and any 
associated documentation or information are expressly subject 
to the terms and conditions of the Intel Program License 
Subscription Agreement, the Intel Quartus Prime License Agreement,
the Intel FPGA IP License Agreement, or other applicable license
agreement, including, without limitation, that your use is for
the sole purpose of programming logic devices manufactured by
Intel and sold by Intel or its authorized distributors.  Please
refer to the applicable agreement for further details.



+---------------------------------------------------------------------+
; Flow Summary                                                        ;
+-----------------------+---------------------------------------------+
; Flow Status           ; Successful - Fri Aug 28 15:13:22 2026       ;
; Quartus Prime Version ; 18.1.0 Build 625 09/12/2018 SJ Lite Edition ;
; Revision Name         ; LabFour                                     ;
; Top-level Entity Name ; TopLevel                                    ;
; Family                ; MAX V                                       ;
; Device                ; 5M1270ZT144C5                               ;
; Timing Models         ; Final                                       ;
; Total logic elements  ; 112 / 1,270 ( 9 % )                         ;
; Total pins            ; 5 / 114 ( 4 % )                             ;
; Total virtual pins    ; 0                                           ;
; UFM blocks            ; 0 / 1 ( 0 % )                               ;
+-----------------------+---------------------------------------------+


+-----------------------------------------+
; Flow Settings                           ;
+-------------------+---------------------+
; Option            ; Setting             ;
+-------------------+---------------------+
; Start date & time ; 08/28/2026 15:11:06 ;
; Main task         ; Compilation         ;
; Revision Name     ; LabFour             ;
+-------------------+---------------------+


+-----------------------------------------------------------------------------------------------------------------------------------------------------------------------------------------+
; Flow Non-Default Global Settings                                                                                                                                                        ;
+--------------------------------------+---------------------------------------------------------------------------------------------------+---------------+-------------+----------------+
; Assignment Name                      ; Value                                                                                             ; Default Value ; Entity Name ; Section Id     ;
+--------------------------------------+---------------------------------------------------------------------------------------------------+---------------+-------------+----------------+
; COMPILER_SIGNATURE_ID                ; 1098538444716.178791006506828                                                                     ; --            ; --          ; --             ;
; EDA_DESIGN_INSTANCE_NAME             ; NA                                                                                                ; --            ; --          ; testbench      ;
; EDA_NATIVELINK_SIMULATION_TEST_BENCH ; testbench                                                                                         ; --            ; --          ; eda_simulation ;
; EDA_OUTPUT_DATA_FORMAT               ; Vhdl                                                                                              ; --            ; --          ; eda_simulation ;
; EDA_SIMULATION_TOOL                  ; ModelSim-Altera (VHDL)                                                                            ; <None>        ; --          ; --             ;
; EDA_TEST_BENCH_ENABLE_STATUS         ; TEST_BENCH_MODE                                                                                   ; --            ; --          ; eda_simulation ;
; EDA_TEST_BENCH_FILE                  ; DUT.vhdl                                                                                          ; --            ; --          ; testbench      ;
; EDA_TEST_BENCH_FILE                  ; Testbench.vhdl                                                                                    ; --            ; --          ; testbench      ;
; EDA_TEST_BENCH_FILE                  ; TRACEFILE.txt                                                                                     ; --            ; --          ; testbench      ;
; EDA_TEST_BENCH_MODULE_NAME           ; testbench                                                                                         ; --            ; --          ; testbench      ;
; EDA_TEST_BENCH_NAME                  ; testbench                                                                                         ; --            ; --          ; eda_simulation ;
; EDA_TIME_SCALE                       ; 1 ps                                                                                              ; --            ; --          ; eda_simulation ;
; MAX_CORE_JUNCTION_TEMP               ; 85                                                                                                ; --            ; --          ; --             ;
; MIN_CORE_JUNCTION_TEMP               ; 0                                                                                                 ; --            ; --          ; --             ;
; MISC_FILE                            ; C:/Users/medha/Downloads/Scan_Chain_Files/Scan_Chain_Files/v_jtag/synthesis/../v_jtag.cmp         ; --            ; --          ; --             ;
; MISC_FILE                            ; C:/Users/medha/Downloads/Scan_Chain_Files/Scan_Chain_Files/v_jtag/synthesis/../../v_jtag.qsys     ; --            ; --          ; --             ;
; POWER_PRESET_COOLING_SOLUTION        ; No Heat Sink With Still Air                                                                       ; --            ; --          ; --             ;
; PROJECT_OUTPUT_DIRECTORY             ; output_files                                                                                      ; --            ; --          ; --             ;
; SLD_FILE                             ; C:/Users/medha/Downloads/Scan_Chain_Files/Scan_Chain_Files/v_jtag/synthesis/v_jtag.debuginfo      ; --            ; --          ; --             ;
; SLD_INFO                             ; QSYS_NAME v_jtag HAS_SOPCINFO 1 GENERATION_ID 1623670142                                          ; --            ; v_jtag      ; --             ;
; SOPCINFO_FILE                        ; C:/Users/medha/Downloads/Scan_Chain_Files/Scan_Chain_Files/v_jtag/synthesis/../../v_jtag.sopcinfo ; --            ; --          ; --             ;
; SYNTHESIS_ONLY_QIP                   ; On                                                                                                ; --            ; --          ; --             ;
; TOP_LEVEL_ENTITY                     ; TopLevel                                                                                          ; LabFour       ; --          ; --             ;
+--------------------------------------+---------------------------------------------------------------------------------------------------+---------------+-------------+----------------+


+--------------------------------------------------------------------------------------------------------------------------+
; Flow Elapsed Time                                                                                                        ;
+----------------------+--------------+-------------------------+---------------------+------------------------------------+
; Module Name          ; Elapsed Time ; Average Processors Used ; Peak Virtual Memory ; Total CPU Time (on all processors) ;
+----------------------+--------------+-------------------------+---------------------+------------------------------------+
; Analysis & Synthesis ; 00:01:49     ; 1.0                     ; 4778 MB             ; 00:02:19                           ;
; Fitter               ; 00:00:07     ; 1.0                     ; 5329 MB             ; 00:00:06                           ;
; Assembler            ; 00:00:03     ; 1.0                     ; 4655 MB             ; 00:00:02                           ;
; Timing Analyzer      ; 00:00:04     ; 1.0                     ; 4676 MB             ; 00:00:04                           ;
; EDA Netlist Writer   ; 00:00:06     ; 1.0                     ; 4617 MB             ; 00:00:06                           ;
; Total                ; 00:02:09     ; --                      ; --                  ; 00:02:37                           ;
+----------------------+--------------+-------------------------+---------------------+------------------------------------+


+------------------------------------------------------------------------------------+
; Flow OS Summary                                                                    ;
+----------------------+------------------+------------+------------+----------------+
; Module Name          ; Machine Hostname ; OS Name    ; OS Version ; Processor type ;
+----------------------+------------------+------------+------------+----------------+
; Analysis & Synthesis ; Medhansh_Lenovo  ; Windows 10 ; 10.0       ; x86_64         ;
; Fitter               ; Medhansh_Lenovo  ; Windows 10 ; 10.0       ; x86_64         ;
; Assembler            ; Medhansh_Lenovo  ; Windows 10 ; 10.0       ; x86_64         ;
; Timing Analyzer      ; Medhansh_Lenovo  ; Windows 10 ; 10.0       ; x86_64         ;
; EDA Netlist Writer   ; Medhansh_Lenovo  ; Windows 10 ; 10.0       ; x86_64         ;
+----------------------+------------------+------------+------------+----------------+


------------
; Flow Log ;
------------
quartus_map --read_settings_files=on --write_settings_files=off LabFour -c LabFour
quartus_fit --read_settings_files=off --write_settings_files=off LabFour -c LabFour
quartus_asm --read_settings_files=off --write_settings_files=off LabFour -c LabFour
quartus_sta LabFour -c LabFour
quartus_eda --read_settings_files=off --write_settings_files=off LabFour -c LabFour



